# serializer version: 1
# name: test_gfx1100_emit_digests
  list([
    dict({
      'file': 'DB.yaml',
      'kernels': list([
        dict({
          'basename': 'Cijk_Ailk_Bjlk_D_B_UserArgs_MT16x16x16_SN_LDSB0_FlyYzyEDn48RFDUu9ZQ-MMu9O_5fJH58dtFyW6WikZI=',
          'err': 0,
        }),
        dict({
          'basename': 'Cijk_Ailk_Bjlk_D_B_UserArgs_MT16x16x8_SN_LDSB0_AhilKNddB3gR2yC0lzWqM3fXJul7UleokfsKuNXSvwLY=',
          'err': 0,
        }),
        dict({
          'basename': 'Cijk_Ailk_Bjlk_D_B_UserArgs_MT8x8x16_SN_LDSB0_AFbWa-f9-4MdqOU_uytL33UjILxp-R74AR4O2sX0BL7tk=',
          'err': 0,
        }),
        dict({
          'basename': 'Cijk_Ailk_Bjlk_D_B_UserArgs_MT8x8x8_SN_LDSB0_AFCkom7WGVQsxJ5Awo3BpAGDR1aV9KVivXyB9IwuHv9wj0=',
          'err': 0,
        }),
      ]),
    }),
    dict({
      'file': 'HSS.yaml',
      'kernels': list([
        dict({
          'basename': 'Cijk_Alik_Bljk_HSS_BH_Bias_HA_S_SAV_UserArgs_MT3tEwgQncyYRlR1iLo_O246vXzUKGzrPWo5Ti8bDyZS8g=',
          'err': 0,
        }),
        dict({
          'basename': 'Cijk_Alik_Bljk_HSS_BH_Bias_HA_S_SAV_UserArgs_MT95Jwqu3XUVxLEzABWk0MIfWmciWbUU1Q9jVTtD78AfY8=',
          'err': 0,
        }),
        dict({
          'basename': 'Cijk_Alik_Bljk_HSS_BH_Bias_HA_S_SAV_UserArgs_MT9nBRUFNrEaL6--kP9IWkVgzY1WfxpfJsBBLPyENSrJ7M=',
          'err': 0,
        }),
      ]),
    }),
    dict({
      'file': 'SB.yaml',
      'kernels': list([
        dict({
          'basename': 'Cijk_Ailk_Bjlk_S_B_Bias_HA_S_SAV_UserArgs_MT16x1Qe5jyxP2kOJrN4b5-guDa0N0pEPlq3mnFjS6kt8Q_mE=',
          'err': 0,
        }),
        dict({
          'basename': 'Cijk_Ailk_Bjlk_S_B_Bias_HA_S_SAV_UserArgs_MT16x1TzRlP_zvd62COsElih6EPpeNqWZK3LmwE-LMhc-x9Eo=',
          'err': 0,
        }),
        dict({
          'basename': 'Cijk_Ailk_Bjlk_S_B_Bias_HA_S_SAV_UserArgs_MT8x8x7NztJtodBNPXVm8Zm5xBjUjws5US7Jd7P1tjVMDhfW0=',
          'err': 0,
        }),
        dict({
          'basename': 'Cijk_Ailk_Bjlk_S_B_Bias_HA_S_SAV_UserArgs_MT8x8xLCj62KN9I0ba8MsxOJohmek8Y39EajHi_vrPd6F9TdM=',
          'err': 0,
        }),
      ]),
    }),
  ])
# ---
