# serializer version: 1
# name: test_r2_store_gfx942_golden
  list([
    dict({
      'basename': 'Cijk_Alik_Bljk_BBS_BH_Bias_SAV_UserArgs_MT64x16x1q6f5Vt-J7Ljpp62D5eQSkCrrXNrd9SItLT72-nllEw=',
      'err': 0,
    }),
    dict({
      'basename': 'Cijk_Alik_Bljk_BBS_BH_Bias_SAV_UserArgs_MT64x16xDE5T5jD2nOP_sAtasb74mu4vHuURhjHEuCFT_mD_BXg=',
      'err': 0,
    }),
    dict({
      'basename': 'Cijk_Alik_Bljk_BBS_BH_Bias_SAV_UserArgs_MT64x16xYhiUZ6avE5_8FK0s_7AnG1XHkCkPl3RyNyPq2SAm81o=',
      'err': 0,
    }),
    dict({
      'basename': 'Cijk_Alik_Bljk_BBS_BH_Bias_SAV_UserArgs_MT64x16xb_W-lVnLpTZXSE6H77q6aKTGCWGxAgWkWCNqW6NESC8=',
      'err': 0,
    }),
  ])
# ---
