# serializer version: 1
# name: test_r2_wgm_gfx942_golden
  list([
    dict({
      'basename': 'Cijk_Alik_Bljk_BBS_BH_Bias_A_S_UserArgs_MT64x16xNjj7QBkX0EEaj-UvblYwfGi1sVa72E9-mqlIUKkJMl4=',
      'err': 0,
    }),
    dict({
      'basename': 'Cijk_Alik_Bljk_BBS_BH_Bias_A_S_UserArgs_MT64x16xXhz_CsZqYqgZ4H0ZIV0uBSBCv1MlgKU1GB5qw8rQSkc=',
      'err': 0,
    }),
    dict({
      'basename': 'Cijk_Alik_Bljk_BBS_BH_Bias_A_S_UserArgs_MT64x16xjgKJjLHq309a4N0iJEj1bwh_s136GhGk0hEEqdQKCjY=',
      'err': 0,
    }),
    dict({
      'basename': 'Cijk_Alik_Bljk_BBS_BH_Bias_A_S_UserArgs_MT64x16xrNgGXfZPybZ-vkn1TppDwdd2il7SC0ZjQ5zoDHZObxE=',
      'err': 0,
    }),
    dict({
      'basename': 'Cijk_Alik_Bljk_BBS_BH_Bias_A_S_UserArgs_MT64x16xu_agRudMH695JAYeHCgoTfRFlTZuR-r9csK05PCPSc4=',
      'err': 0,
    }),
  ])
# ---
