# serializer version: 1
# name: test_gfx942_f8n_golden
  list([
    dict({
      'basename': 'Cijk_Ailk_Bljk_F8NHS_BH_Bias_S_HA_S_SAB_SCD_SAV_1EnDOx9TQqQdBvXXx_Up48xl4A6sbe-_uBBI-RfzA-8=',
      'err': 0,
    }),
    dict({
      'basename': 'Cijk_Ailk_Bljk_F8NHS_BH_Bias_S_HA_S_SAB_SCD_SAV_1j1fpSWwJnCW1BF0qzYiWSTRX5-22ML2f9rcPrummKQ=',
      'err': 0,
    }),
    dict({
      'basename': 'Cijk_Ailk_Bljk_F8NHS_BH_Bias_S_HA_S_SAB_SCD_SAV_J21Rp72mrRaH6CjyxeCiaVaTVK593cNDPqthtMWO2kc=',
      'err': 0,
    }),
    dict({
      'basename': 'Cijk_Ailk_Bljk_F8NHS_BH_Bias_S_HA_S_SAB_SCD_SAV_fBcyTVVzgPCNtCoRRzbtuZXo8-1cKuKo9mZSh4SfUOw=',
      'err': 0,
    }),
    dict({
      'basename': 'Cijk_Ailk_Bljk_F8NHS_BH_Bias_S_HA_S_SAB_SCD_SAV_ix6flSTv0_14zy5IAD9F7kODmLEhZ4qJs1B_DKh-xKs=',
      'err': 0,
    }),
    dict({
      'basename': 'Cijk_Ailk_Bljk_F8NHS_BH_Bias_S_HA_S_SAB_SCD_SAV_poTI-jj7eVcLd2fl-JfxwOZMqdwnR4VM0k_nUDlUF24=',
      'err': 0,
    }),
    dict({
      'basename': 'Cijk_Ailk_Bljk_F8NHS_BH_Bias_S_HA_S_SAB_SCD_SAV_tYtvLs33dZVJldbEiSY6Q5WOD176n7EYVS1rpE4SOTU=',
      'err': 0,
    }),
    dict({
      'basename': 'Cijk_Ailk_Bljk_F8NHS_BH_Bias_S_HA_S_SAB_SCD_SAV_zvO_VoAazPHqberpdymGiYYUEvSw607-b6U1YnL6k5E=',
      'err': 0,
    }),
  ])
# ---
