# serializer version: 1
# name: test_r2_solution_gfx942_golden
  list([
    dict({
      'basename': 'Cijk_Alik_Bljk_BBS_BH_Bias_A_S_UserArgs_MT64x16x41_aMdJ8hUKujA-sAKn6r8n3lELwJp82LiSTcLpMpqQ=',
      'err': 0,
    }),
    dict({
      'basename': 'Cijk_Alik_Bljk_BBS_BH_Bias_A_S_UserArgs_MT64x16xAD1jVDgfejLeaT_SUelkLJvNyRcbgIh_OspLJq9x4cQ=',
      'err': 0,
    }),
    dict({
      'basename': 'Cijk_Alik_Bljk_BBS_BH_Bias_A_S_UserArgs_MT64x16xs-mOWRl_XgMq9mcWYbAW-IRlL0p8UUmoLfm3ytmD3C8=',
      'err': 0,
    }),
    dict({
      'basename': 'Cijk_Alik_Bljk_BBS_BH_Bias_A_S_UserArgs_MT64x16xt2KRvGr4q1DX-8XgGi6_DwHWinttp38dJKzV66tXmXU=',
      'err': 0,
    }),
  ])
# ---
