# serializer version: 1
# name: test_r2_subtile_gfx950_golden
  list([
    dict({
      'basename': 'Cijk_Alik_Bljk_BBS_BH_UserArgs_MT128x128x64_MI163flg9qGJh9UrkH9L3DfZiztIkXCkD4dw0qjlzZrFmHU=',
      'err': 0,
    }),
    dict({
      'basename': 'Cijk_Alik_Bljk_BBS_BH_UserArgs_MT128x128x64_MI1681FNuI7eqPEM1TxdeTCeW9uU7VA1LZzo8HQrjPsEqSk=',
      'err': 0,
    }),
    dict({
      'basename': 'Cijk_Alik_Bljk_BBS_BH_UserArgs_MT128x64x64_MI16xbvnjvw4uIVWIvtMOejWT8ky5tL2X3xzcbbPTJ-DwxWg=',
      'err': 0,
    }),
    dict({
      'basename': 'Cijk_Alik_Bljk_BBS_BH_UserArgs_MT128x64x64_MI16xda8hMSO5FJLv4Dt4m1taBjMibr8YFN4BHqYt6es0Yfw=',
      'err': 0,
    }),
    dict({
      'basename': 'Cijk_Alik_Bljk_BBS_BH_UserArgs_MT32x32x64_MI16x1ULSOXgVtsXPeHmhjztkOj2OHnXaH0k4ZGrfMxo-Moqw=',
      'err': 0,
    }),
    dict({
      'basename': 'Cijk_Alik_Bljk_BBS_BH_UserArgs_MT32x32x64_MI16x1wyoHFrGzBuxaQTPylPkTOjT4FLGaXlrIDtlMiJejxGY=',
      'err': 0,
    }),
    dict({
      'basename': 'Cijk_Alik_Bljk_BBS_BH_UserArgs_MT64x128x64_MI16x5Q9gWh7QH6hsSsjeXEIpgih-zBa18NCJ3BzDdjQBEaM=',
      'err': 0,
    }),
    dict({
      'basename': 'Cijk_Alik_Bljk_BBS_BH_UserArgs_MT64x128x64_MI16xFhja7XPfw7muTFLc4oWaBFd959ApibYcG1jv2qu4_Gc=',
      'err': 0,
    }),
  ])
# ---
