# serializer version: 1
# name: test_gfx950_hhs_golden
  list([
    dict({
      'basename': 'Cijk_Alik_Bljk_HHS_BH_Bias_A_S_UserArgs_MT64x16xp5Y22lcaqbHUF1tkOEjfVt3QP7koNWJudhFaUoUnonw=',
      'err': 0,
    }),
    dict({
      'basename': 'Cijk_Alik_Bljk_HHS_BH_Bias_A_S_UserArgs_MT64x16xuMYfb3bYWEnBKFDL513m7s63xLmA7K6DbRUVEx0pTuw=',
      'err': 0,
    }),
  ])
# ---
