# serializer version: 1
# name: test_gfx908_emit_digests
  list([
    dict({
      'file': 'BBS.yaml',
      'kernels': list([
        dict({
          'basename': 'Cijk_Ailk_Bljk_BBS_BH_Bias_HA_S_SAV_MT64x16x32_MExQT_9ptUDKnus2cziOxMrQne_VvBH9B1J6LO0bm0C8=',
          'err': 0,
        }),
      ]),
    }),
    dict({
      'file': 'HHS.yaml',
      'kernels': list([
        dict({
          'basename': 'Cijk_Ailk_Bljk_HHS_BH_Bias_HA_S_SAV_UserArgs_MT6aNx0NmgrcjPkqmWlgPxn8BTsBAqC4VyB2QnF9qvQXhE=',
          'err': 0,
        }),
      ]),
    }),
    dict({
      'file': 'HSS.yaml',
      'kernels': list([
        dict({
          'basename': 'Cijk_Ailk_Bjlk_HSS_BH_Bias_GG_HA_S_SAV_UserArgs_xGURx5_7q34Pn5a2rZsTaHlJiQxoafdki_yOxruUKgc=',
          'err': 0,
        }),
      ]),
    }),
    dict({
      'file': 'SB.yaml',
      'kernels': list([
        dict({
          'basename': 'Cijk_Alik_Bjlk_S_B_Bias_HA_S_SAV_UserArgs_MT32x35f8p8BJ-TiiK1YTsfSP_jb85ZAJEVnXXAMYwixIhHt8=',
          'err': 0,
        }),
      ]),
    }),
  ])
# ---
