# serializer version: 1
# name: test_r2_mac_hhs_dot2_golden
  list([
    dict({
      'basename': 'Cijk_Alik_Bljk_HHS_BH_UserArgs_MT16x32x16_SN_LDSIUU0ofq4MmzF4eN9bs9uRZglyqLuNozbtkpU1oLqWVY=',
      'err': 0,
    }),
    dict({
      'basename': 'Cijk_Alik_Bljk_HHS_BH_UserArgs_MT16x64x16_SN_LDSqW1rlslDcIedTI2NpYxc2GnsWa5A36_XHXI6mPmxKZY=',
      'err': 0,
    }),
    dict({
      'basename': 'Cijk_Alik_Bljk_HHS_BH_UserArgs_MT32x32x16_SN_LDS9Ts0tp_biCXsWdRCPS8cl3AbtogP9paAUys8d4htN9I=',
      'err': 0,
    }),
    dict({
      'basename': 'Cijk_Alik_Bljk_HHS_BH_UserArgs_MT32x64x16_SN_LDS6LFdkdxxNrYZR0Uzo_V4oePImLAa1pXXeR2tpio_JgY=',
      'err': 0,
    }),
    dict({
      'basename': 'Cijk_Alik_Bljk_HHS_BH_UserArgs_MT64x32x16_SN_LDS1RBGkSdZffVpyOkpItiX8z24rcoHgJXeQFiUOnKnxOY=',
      'err': 0,
    }),
    dict({
      'basename': 'Cijk_Alik_Bljk_HHS_BH_UserArgs_MT8x64x16_SN_LDSBERAIHy5qTOdPs6S15JWeVwD0bZcdlwwXg3_Cq0s3tr8=',
      'err': 0,
    }),
  ])
# ---
